_submit 	  1FD886 global bss
_morecmd	  1FD888 global bss
_autost 	  1FD800 global bss
_usercmd	  1FD801 global bss
_ccp    	     4BC global text
_patch  	  1FD88A global bss
cpm     	     400 global text
_bdos   	     4CA global text
_load68k	     4D6 global text
flags   	  1FD902 global bss
TPAB    	  1FD904 global bss
_cmd_tbl	    5022 global data
_msg    	    5052 global data
_msg2   	    506C global data
_msg3   	    507E global data
_msg4   	    5090 global data
_msg5   	    50A2 global data
_msg6   	    50B8 global data
_msg7   	    50C2 global data
_msg8   	    50DA global data
_msg9   	    50F8 global data
_msg10  	    5108 global data
_msg11  	    511A global data
_msg12  	    5130 global data
_msg13  	    5148 global data
_lderr1 	    515E global data
_lderr2 	    5186 global data
_lderr3 	    51A2 global data
_lderror	    51C4 global data
_del    	    51D8 global data
_cr_lf  	     5C4 global text
_cpy    	     5F0 global text
_strcmp 	     60E global text
_copy_cm	     65A global text
_prompt 	     6A6 global text
_echo_cm	     74E global text
_decode 	     7BE global text
_fill_fc	     BE2 global text
_delim  	     B62 global text
_check_c	     912 global text
_get_cmd	     994 global text
_scan_cm	     A78 global text
_get_par	     AB4 global text
_true_ch	     BA8 global text
_too_man	     F6E global text
_find_co	     FA6 global text
_chk_col	     FDC global text
_dir_cmd	    102A global text
_type_cm	    123A global text
_ren_cmd	    1372 global text
_era_cmd	    16EA global text
_user_cm	    1886 global text
_cmd_fil	    1956 global text
_sub_rea	    1E70 global text
_dollar 	    1E9E global text
_comment	    1FE4 global text
_transla	    20CA global text
_submit_	    2288 global text
_execute	    23A2 global text
_main   	    24F8 global text
_bios1  	    2770 global text
_bios2  	    276C global text
_bios3  	    2766 global text
_bios4  	    2760 global text
_bios5  	    275A global text
_bios6  	    2770 global text
_traphnd	    2722 global text
_swap   	    2780 global text
_udiv   	    278C global text
_constat	    27A2 global text
_conbrk 	    27C2 global text
_conout 	    2858 global text
_tabout 	    28C6 global text
_cookdou	    2902 global text
_getch  	    2944 global text
_conin  	    299C global text
_rawconi	    29D8 global text
_prt_lin	    2A1C global text
_newline	    2A4A global text
_backsp 	    2A80 global text
_readlin	    2B42 global text
_copyrt 	    526E global data
_serial 	    5272 global data
_bdosini	    2CE6 global text
_warmboo	    2D8A global text
_prt_err	    2E12 global text
_abrt_er	    2E44 global text
_warning	    5276 global data
_ext_err	    2E5A global text
_ro_err 	    2F00 global text
_error  	    2FF6 global text
_setexc 	    306E global text
_set_tpa	    30E2 global text
_rdwrt  	    313E global text
_dir_rd 	    31DC global text
_dir_wr 	    31F8 global text
_dchksum	    3248 global text
_dirscan	    3286 global text
_setaloc	    33BA global text
_clraloc	    340A global text
_chkaloc	    345C global text
_getaloc	    3498 global text
_alloc  	    34FA global text
_seldsk 	    3574 global text
_move   	    36C6 global text
_match  	    36F0 global text
_openfil	    3782 global text
_flushit	    37E4 global text
_close  	    3820 global text
_close_f	    3974 global text
_alltrue	    39A4 global text
_matchit	    39B0 global text
_search 	    39CA global text
_create 	    3A54 global text
_delete 	    3ADE global text
_rename 	    3B82 global text
_set_att	    3BFE global text
_extsize	    3C50 global text
_setran 	    3C86 global text
_fsize  	    3CC4 global text
_getsize	    3D1E global text
_free_sp	    3D90 global text
_blkindx	    3E10 global text
_blknum 	    3E5A global text
_setblk 	    3E96 global text
_do_io  	    3EE8 global text
_new_ext	    3F38 global text
_calcext	    406A global text
_get_rc 	    40D4 global text
_bdosrw 	    411C global text
__bdos  	    4306 global text
_tmp_sel	    4732 global text
_do_phio	    4780 global text
_pgmld  	    48AE global text
_initexc	    4D5E global text
gouser  	    4F78 global text
_load_tb	  1FD958 global bss
init_tbl	    4FD0 global text
stack   	  1FDFC0 global bss
_init   	    6000 equ global abs
_sub_ind	  1FDFC2 global bss
_log_dsk	  1FDFC4 global bss
_load_tr	  1FDFC6 global bss
_gbls   	  1FDFC8 global bss
_crit_ds	  1FE0B6 global bss
_tail   	  1FE0B8 global bss
_cur_dis	  1FE0BC global bss
_parm   	  1FE0BE global bss
_dma    	  1FE136 global bss
_chainp 	  1FE1BA global bss
_sub_use	  1FE1BE global bss
_save_su	  1FE1C0 global bss
_subfcb 	  1FE242 global bss
_first_s	  1FE266 global bss
_subdma 	  1FE268 global bss
_tpa_hp 	  1FE2E8 global bss
_user   	  1FE2EC global bss
_tpa_lp 	  1FE2EE global bss
_tpa_ht 	  1FE2F2 global bss
_user_pt	  1FE2F6 global bss
_ro_dsk 	  1FE2FA global bss
_tpa_lt 	  1FE2FC global bss
_autorom	  1FE300 global bss
_subprom	  1FE302 global bss
_end_of_	  1FE304 global bss
_subcom 	  1FE306 global bss
_glb_ind	  1FE388 global bss
_chain_s	  1FE38C global bss
_index  	  1FE38E global bss
_dirflag	  1FE390 global bss
_cmdfcb 	  1FE392 global bss
l bss
_chain_s	  1FE38C global bss
_index  	  1FE38E global bss
_dirflag	  1FE390 global bss
_cmdfcb 	  1FE